John Doe
Jane Smith
Sam Brown
Lisa White
Mark Green
Susan Blue
Paul Black
Anna Purple
Peter Yellow
Karen Orange
