1,John Doe,Engineering,Software Engineer,75000,5
3,Sam Brown,Engineering,DevOps Engineer,80000,4
5,Mark Green,Finance,Financial Analyst,72000,8
6,Susan Blue,Engineering,Data Scientist,85000,6
