John Doe,Software Engineer
Sam Brown,DevOps Engineer
Susan Blue,Data Scientist
Karen Orange,Software Tester
